// Jest Snapshot v1, https://goo.gl/fbAQLP

exports[`Renders without crashing? 1`] = `
<div>
  <h1>
    Page for Testing Snpshot
  </h1>
</div>
`;
